------------------------------------------------------------
Timing Analyzer Summary
------------------------------------------------------------

Type  : Slow 1200mV 85C Model Setup 'Lab12:Lab12_inst|state.S3'
Slack : -10.205
TNS   : -72.061

Type  : Slow 1200mV 85C Model Setup 'Lab12:Lab12_inst|state.S2'
Slack : -10.126
TNS   : -74.195

Type  : Slow 1200mV 85C Model Setup 'clock'
Slack : -6.493
TNS   : -95.353

Type  : Slow 1200mV 85C Model Setup 'Lab12:Lab12_inst|state.S4'
Slack : -5.134
TNS   : -53.276

Type  : Slow 1200mV 85C Model Setup 'row[0]'
Slack : -4.357
TNS   : -41.197

Type  : Slow 1200mV 85C Model Setup 'lab11:lab11_inst|keypad_base:keypad_base|clock_div:keypad_clock_divider|clk_track'
Slack : -1.540
TNS   : -11.389

Type  : Slow 1200mV 85C Model Hold 'clock'
Slack : 0.378
TNS   : 0.000

Type  : Slow 1200mV 85C Model Hold 'lab11:lab11_inst|keypad_base:keypad_base|clock_div:keypad_clock_divider|clk_track'
Slack : 0.378
TNS   : 0.000

Type  : Slow 1200mV 85C Model Hold 'row[0]'
Slack : 0.691
TNS   : 0.000

Type  : Slow 1200mV 85C Model Hold 'Lab12:Lab12_inst|state.S4'
Slack : 1.232
TNS   : 0.000

Type  : Slow 1200mV 85C Model Hold 'Lab12:Lab12_inst|state.S3'
Slack : 4.041
TNS   : 0.000

Type  : Slow 1200mV 85C Model Hold 'Lab12:Lab12_inst|state.S2'
Slack : 4.617
TNS   : 0.000

Type  : Slow 1200mV 85C Model Recovery 'row[0]'
Slack : -2.275
TNS   : -29.515

Type  : Slow 1200mV 85C Model Removal 'row[0]'
Slack : 0.780
TNS   : 0.000

Type  : Slow 1200mV 85C Model Minimum Pulse Width 'row[0]'
Slack : -3.000
TNS   : -67.481

Type  : Slow 1200mV 85C Model Minimum Pulse Width 'clock'
Slack : -3.000
TNS   : -56.314

Type  : Slow 1200mV 85C Model Minimum Pulse Width 'Lab12:Lab12_inst|state.S4'
Slack : -1.403
TNS   : -16.836

Type  : Slow 1200mV 85C Model Minimum Pulse Width 'Lab12:Lab12_inst|state.S2'
Slack : -1.403
TNS   : -11.224

Type  : Slow 1200mV 85C Model Minimum Pulse Width 'Lab12:Lab12_inst|state.S3'
Slack : -1.403
TNS   : -11.224

Type  : Slow 1200mV 85C Model Minimum Pulse Width 'lab11:lab11_inst|keypad_base:keypad_base|clock_div:keypad_clock_divider|clk_track'
Slack : -1.403
TNS   : -11.224

Type  : Slow 1200mV 0C Model Setup 'Lab12:Lab12_inst|state.S3'
Slack : -9.299
TNS   : -65.740

Type  : Slow 1200mV 0C Model Setup 'Lab12:Lab12_inst|state.S2'
Slack : -9.239
TNS   : -67.802

Type  : Slow 1200mV 0C Model Setup 'clock'
Slack : -5.868
TNS   : -84.123

Type  : Slow 1200mV 0C Model Setup 'Lab12:Lab12_inst|state.S4'
Slack : -4.729
TNS   : -49.225

Type  : Slow 1200mV 0C Model Setup 'row[0]'
Slack : -4.014
TNS   : -36.938

Type  : Slow 1200mV 0C Model Setup 'lab11:lab11_inst|keypad_base:keypad_base|clock_div:keypad_clock_divider|clk_track'
Slack : -1.369
TNS   : -10.020

Type  : Slow 1200mV 0C Model Hold 'clock'
Slack : 0.338
TNS   : 0.000

Type  : Slow 1200mV 0C Model Hold 'lab11:lab11_inst|keypad_base:keypad_base|clock_div:keypad_clock_divider|clk_track'
Slack : 0.339
TNS   : 0.000

Type  : Slow 1200mV 0C Model Hold 'row[0]'
Slack : 0.748
TNS   : 0.000

Type  : Slow 1200mV 0C Model Hold 'Lab12:Lab12_inst|state.S4'
Slack : 1.120
TNS   : 0.000

Type  : Slow 1200mV 0C Model Hold 'Lab12:Lab12_inst|state.S3'
Slack : 3.767
TNS   : 0.000

Type  : Slow 1200mV 0C Model Hold 'Lab12:Lab12_inst|state.S2'
Slack : 4.303
TNS   : 0.000

Type  : Slow 1200mV 0C Model Recovery 'row[0]'
Slack : -1.902
TNS   : -24.662

Type  : Slow 1200mV 0C Model Removal 'row[0]'
Slack : 0.683
TNS   : 0.000

Type  : Slow 1200mV 0C Model Minimum Pulse Width 'row[0]'
Slack : -3.000
TNS   : -62.830

Type  : Slow 1200mV 0C Model Minimum Pulse Width 'clock'
Slack : -3.000
TNS   : -56.314

Type  : Slow 1200mV 0C Model Minimum Pulse Width 'Lab12:Lab12_inst|state.S4'
Slack : -1.403
TNS   : -16.836

Type  : Slow 1200mV 0C Model Minimum Pulse Width 'Lab12:Lab12_inst|state.S2'
Slack : -1.403
TNS   : -11.224

Type  : Slow 1200mV 0C Model Minimum Pulse Width 'Lab12:Lab12_inst|state.S3'
Slack : -1.403
TNS   : -11.224

Type  : Slow 1200mV 0C Model Minimum Pulse Width 'lab11:lab11_inst|keypad_base:keypad_base|clock_div:keypad_clock_divider|clk_track'
Slack : -1.403
TNS   : -11.224

Type  : Fast 1200mV 0C Model Setup 'Lab12:Lab12_inst|state.S3'
Slack : -4.174
TNS   : -29.643

Type  : Fast 1200mV 0C Model Setup 'Lab12:Lab12_inst|state.S2'
Slack : -4.140
TNS   : -30.533

Type  : Fast 1200mV 0C Model Setup 'row[0]'
Slack : -2.121
TNS   : -19.680

Type  : Fast 1200mV 0C Model Setup 'clock'
Slack : -2.116
TNS   : -18.317

Type  : Fast 1200mV 0C Model Setup 'Lab12:Lab12_inst|state.S4'
Slack : -2.022
TNS   : -20.631

Type  : Fast 1200mV 0C Model Setup 'lab11:lab11_inst|keypad_base:keypad_base|clock_div:keypad_clock_divider|clk_track'
Slack : -0.594
TNS   : -2.489

Type  : Fast 1200mV 0C Model Hold 'clock'
Slack : 0.165
TNS   : 0.000

Type  : Fast 1200mV 0C Model Hold 'lab11:lab11_inst|keypad_base:keypad_base|clock_div:keypad_clock_divider|clk_track'
Slack : 0.166
TNS   : 0.000

Type  : Fast 1200mV 0C Model Hold 'row[0]'
Slack : 0.228
TNS   : 0.000

Type  : Fast 1200mV 0C Model Hold 'Lab12:Lab12_inst|state.S4'
Slack : 0.453
TNS   : 0.000

Type  : Fast 1200mV 0C Model Hold 'Lab12:Lab12_inst|state.S3'
Slack : 1.557
TNS   : 0.000

Type  : Fast 1200mV 0C Model Hold 'Lab12:Lab12_inst|state.S2'
Slack : 1.805
TNS   : 0.000

Type  : Fast 1200mV 0C Model Recovery 'row[0]'
Slack : -1.403
TNS   : -18.175

Type  : Fast 1200mV 0C Model Removal 'row[0]'
Slack : 0.668
TNS   : 0.000

Type  : Fast 1200mV 0C Model Minimum Pulse Width 'row[0]'
Slack : -3.000
TNS   : -43.026

Type  : Fast 1200mV 0C Model Minimum Pulse Width 'clock'
Slack : -3.000
TNS   : -42.327

Type  : Fast 1200mV 0C Model Minimum Pulse Width 'Lab12:Lab12_inst|state.S4'
Slack : -1.000
TNS   : -12.000

Type  : Fast 1200mV 0C Model Minimum Pulse Width 'Lab12:Lab12_inst|state.S2'
Slack : -1.000
TNS   : -8.000

Type  : Fast 1200mV 0C Model Minimum Pulse Width 'Lab12:Lab12_inst|state.S3'
Slack : -1.000
TNS   : -8.000

Type  : Fast 1200mV 0C Model Minimum Pulse Width 'lab11:lab11_inst|keypad_base:keypad_base|clock_div:keypad_clock_divider|clk_track'
Slack : -1.000
TNS   : -8.000

------------------------------------------------------------
